// Jest Snapshot v1, https://goo.gl/fbAQLP

exports[`tests in <ComponentOne /> <ComponentOne /> it renders well 1`] = `""`;
